[0m14:35:58.172785 [debug] [MainThread]: Sending event: {'category': 'dbt', 'action': 'invocation', 'label': 'start', 'context': [<snowplow_tracker.self_describing_json.SelfDescribingJson object at 0x000001BEFA6DF140>, <snowplow_tracker.self_describing_json.SelfDescribingJson object at 0x000001BEFC863FB0>, <snowplow_tracker.self_describing_json.SelfDescribingJson object at 0x000001BEFA06E960>]}


============================== 14:35:58.191332 | a7b1f327-4992-463b-bd5f-7d1cf283cea8 ==============================
[0m14:35:58.191332 [info ] [MainThread]: Running with dbt=1.11.2
[0m14:35:58.192344 [debug] [MainThread]: running dbt with arguments {'version_check': 'True', 'no_print': 'None', 'static_parser': 'True', 'warn_error_options': 'WarnErrorOptionsV2(error=[], warn=[], silence=[])', 'target_path': 'None', 'printer_width': '80', 'write_json': 'True', 'empty': 'None', 'log_cache_events': 'False', 'introspect': 'True', 'cache_selected_only': 'False', 'fail_fast': 'False', 'debug': 'False', 'log_format': 'default', 'partial_parse': 'True', 'send_anonymous_usage_stats': 'True', 'quiet': 'False', 'warn_error': 'None', 'profiles_dir': 'C:\\Users\\louis.loison\\.dbt', 'indirect_selection': 'eager', 'invocation_command': 'dbt init', 'use_colors': 'True', 'use_experimental_parser': 'False', 'log_path': 'logs'}
[0m14:35:58.208764 [info ] [MainThread]: Creating dbt configuration folder at C:\Users\louis.loison\.dbt
[0m14:36:14.942645 [debug] [MainThread]: Starter project path: C:\Users\louis.loison\AppData\Local\Programs\Python\Python312\Lib\site-packages\dbt\include\starter_project
[0m14:36:14.992239 [info ] [MainThread]: 
Your new dbt project "Monitoring_Power_BI" was created!

For more information on how to configure the profiles.yml file,
please consult the dbt documentation here:

  https://docs.getdbt.com/docs/configure-your-profile

One more thing:

Need help? Don't hesitate to reach out to us via GitHub issues or on Slack:

  https://community.getdbt.com/

Happy modeling!

[0m14:36:14.994242 [info ] [MainThread]: Setting up your profile.
[0m14:36:28.960602 [info ] [MainThread]: No sample profile found for fabric.
[0m14:36:28.961605 [debug] [MainThread]: Command `dbt init` succeeded at 14:36:28.961605 after 30.95 seconds
[0m14:36:28.962624 [debug] [MainThread]: Sending event: {'category': 'dbt', 'action': 'invocation', 'label': 'end', 'context': [<snowplow_tracker.self_describing_json.SelfDescribingJson object at 0x000001BEFA6DF140>, <snowplow_tracker.self_describing_json.SelfDescribingJson object at 0x000001BEFE97B950>, <snowplow_tracker.self_describing_json.SelfDescribingJson object at 0x000001BEFD402000>]}
[0m14:36:28.962624 [debug] [MainThread]: Flushing usage events
[0m14:36:29.771967 [debug] [MainThread]: An error was encountered while trying to flush usage events
[0m10:23:38.445703 [debug] [MainThread]: Sending event: {'category': 'dbt', 'action': 'invocation', 'label': 'start', 'context': [<snowplow_tracker.self_describing_json.SelfDescribingJson object at 0x000001C0EB178170>, <snowplow_tracker.self_describing_json.SelfDescribingJson object at 0x000001C0EC6DD7F0>, <snowplow_tracker.self_describing_json.SelfDescribingJson object at 0x000001C0EE673F80>]}


============================== 10:23:38.465493 | 6faf7a16-d262-4ba1-baf1-c688d2800089 ==============================
[0m10:23:38.465493 [info ] [MainThread]: Running with dbt=1.11.2
[0m10:23:38.467515 [debug] [MainThread]: running dbt with arguments {'static_parser': 'True', 'no_print': 'None', 'version_check': 'True', 'warn_error_options': 'WarnErrorOptionsV2(error=[], warn=[], silence=[])', 'target_path': 'None', 'printer_width': '80', 'write_json': 'True', 'introspect': 'True', 'log_cache_events': 'False', 'empty': 'None', 'cache_selected_only': 'False', 'fail_fast': 'False', 'debug': 'False', 'log_format': 'default', 'profiles_dir': 'C:\\Users\\louis.loison\\.dbt', 'send_anonymous_usage_stats': 'True', 'quiet': 'False', 'warn_error': 'None', 'partial_parse': 'True', 'use_colors': 'True', 'indirect_selection': 'eager', 'invocation_command': 'dbt debug', 'use_experimental_parser': 'False', 'log_path': 'logs'}
[0m10:23:38.541539 [info ] [MainThread]: dbt version: 1.11.2
[0m10:23:38.542255 [info ] [MainThread]: python version: 3.12.2
[0m10:23:38.542255 [info ] [MainThread]: python path: C:\Users\louis.loison\AppData\Local\Programs\Python\Python312\python.exe
[0m10:23:38.542255 [info ] [MainThread]: os info: Windows-11-10.0.26100-SP0
[0m10:23:51.348413 [info ] [MainThread]: Using profiles dir at C:\Users\louis.loison\.dbt
[0m10:23:51.349413 [info ] [MainThread]: Using profiles.yml file at C:\Users\louis.loison\.dbt\profiles.yml
[0m10:23:51.350412 [info ] [MainThread]: Using dbt_project.yml file at C:\Users\louis.loison\MonitoringPowerBI_DBT\dbt_project.yml
[0m10:23:51.350412 [info ] [MainThread]: adapter type: fabric
[0m10:23:51.351923 [info ] [MainThread]: adapter version: 1.9.8
[0m10:23:51.352933 [info ] [MainThread]: Configuration:
[0m10:23:51.353687 [info ] [MainThread]:   profiles.yml file [[32mOK found and valid[0m]
[0m10:23:51.354697 [info ] [MainThread]:   dbt_project.yml file [[31mERROR not found[0m]
[0m10:23:51.356698 [info ] [MainThread]: Required dependencies:
[0m10:23:51.357699 [debug] [MainThread]: Executing "git --help"
[0m10:23:51.421335 [debug] [MainThread]: STDOUT: "b"usage: git [-v | --version] [-h | --help] [-C <path>] [-c <name>=<value>]\n           [--exec-path[=<path>]] [--html-path] [--man-path] [--info-path]\n           [-p | --paginate | -P | --no-pager] [--no-replace-objects] [--bare]\n           [--git-dir=<path>] [--work-tree=<path>] [--namespace=<name>]\n           [--config-env=<name>=<envvar>] <command> [<args>]\n\nThese are common Git commands used in various situations:\n\nstart a working area (see also: git help tutorial)\n   clone     Clone a repository into a new directory\n   init      Create an empty Git repository or reinitialize an existing one\n\nwork on the current change (see also: git help everyday)\n   add       Add file contents to the index\n   mv        Move or rename a file, a directory, or a symlink\n   restore   Restore working tree files\n   rm        Remove files from the working tree and from the index\n\nexamine the history and state (see also: git help revisions)\n   bisect    Use binary search to find the commit that introduced a bug\n   diff      Show changes between commits, commit and working tree, etc\n   grep      Print lines matching a pattern\n   log       Show commit logs\n   show      Show various types of objects\n   status    Show the working tree status\n\ngrow, mark and tweak your common history\n   branch    List, create, or delete branches\n   commit    Record changes to the repository\n   merge     Join two or more development histories together\n   rebase    Reapply commits on top of another base tip\n   reset     Reset current HEAD to the specified state\n   switch    Switch branches\n   tag       Create, list, delete or verify a tag object signed with GPG\n\ncollaborate (see also: git help workflows)\n   fetch     Download objects and refs from another repository\n   pull      Fetch from and integrate with another repository or a local branch\n   push      Update remote refs along with associated objects\n\n'git help -a' and 'git help -g' list available subcommands and some\nconcept guides. See 'git help <command>' or 'git help <concept>'\nto read about a specific subcommand or concept.\nSee 'git help git' for an overview of the system.\n""
[0m10:23:51.421846 [debug] [MainThread]: STDERR: "b''"
[0m10:23:51.422869 [info ] [MainThread]:  - git [[32mOK found[0m]

[0m10:23:51.423859 [info ] [MainThread]: Connection:
[0m10:23:51.424859 [info ] [MainThread]:   server: yhpqlwdwcipubaaoousphleg6a-s7qq23sw4ymelndiwylnqhkae4.datawarehouse.fabric.microsoft.com
[0m10:23:51.425864 [info ] [MainThread]:   database: lh_powerbi_monitoring
[0m10:23:51.426863 [info ] [MainThread]:   schema: dbo
[0m10:23:51.427857 [info ] [MainThread]:   warehouse_snapshot_name: None
[0m10:23:51.428858 [info ] [MainThread]:   snapshot_timestamp: None
[0m10:23:51.429983 [info ] [MainThread]:   UID: None
[0m10:23:51.429983 [info ] [MainThread]:   workspace_id: None
[0m10:23:51.430994 [info ] [MainThread]:   authentication: ServicePrincipal
[0m10:23:51.432005 [info ] [MainThread]:   retries: 3
[0m10:23:51.433068 [info ] [MainThread]:   login_timeout: 0
[0m10:23:51.433709 [info ] [MainThread]:   query_timeout: 0
[0m10:23:51.434717 [info ] [MainThread]:   trace_flag: False
[0m10:23:51.436079 [info ] [MainThread]:   encrypt: True
[0m10:23:51.436079 [info ] [MainThread]:   trust_cert: False
[0m10:23:51.437090 [info ] [MainThread]:   api_url: https://api.fabric.microsoft.com/v1
[0m10:23:51.439088 [info ] [MainThread]: Registered adapter: fabric=1.9.8
[0m10:23:52.491822 [debug] [MainThread]: Acquiring new fabric connection 'debug'
[0m10:23:52.492833 [debug] [MainThread]: Using fabric connection "debug"
[0m10:23:52.492833 [debug] [MainThread]: On debug: select 1 as id
[0m10:23:52.494343 [debug] [MainThread]: Opening a new connection, currently in state init
[0m10:23:52.495654 [debug] [MainThread]: fabric adapter: Using connection string: DRIVER={ODBC Driver 18 for SQL Server};SERVER=yhpqlwdwcipubaaoousphleg6a-s7qq23sw4ymelndiwylnqhkae4.datawarehouse.fabric.microsoft.com;Database=lh_powerbi_monitoring;Pooling=true;SQL_ATTR_TRACE=SQL_OPT_TRACE_OFF;Authentication=ActiveDirectoryServicePrincipal;UID={44bf9aab-0d33-474c-bfa0-d4e7f2bdaaf7};PWD=***;encrypt=Yes;TrustServerCertificate=No;APP=dbt-fabric/1.9.8;ConnectRetryCount=3;ConnectRetryInterval=10
[0m10:23:54.924110 [debug] [MainThread]: fabric adapter: Connected to db: lh_powerbi_monitoring
[0m10:23:54.976242 [debug] [MainThread]: SQL status: OK in 2.000 seconds
[0m10:23:54.978247 [debug] [MainThread]: On debug: Close
[0m10:23:54.978247 [info ] [MainThread]:   Connection test: [[32mOK connection ok[0m]

[0m10:23:54.979174 [info ] [MainThread]: [31m1 check failed:[0m
[0m10:23:54.980176 [info ] [MainThread]: Project loading failed for the following reason:
 project path <C:\Users\louis.loison\MonitoringPowerBI_DBT\dbt_project.yml> not found

[0m10:23:54.981789 [debug] [MainThread]: Command `dbt debug` failed at 10:23:54.981789 after 17.22 seconds
[0m10:23:54.981789 [debug] [MainThread]: Connection 'debug' was properly closed.
[0m10:23:54.982860 [debug] [MainThread]: Sending event: {'category': 'dbt', 'action': 'invocation', 'label': 'end', 'context': [<snowplow_tracker.self_describing_json.SelfDescribingJson object at 0x000001C0EEB594C0>, <snowplow_tracker.self_describing_json.SelfDescribingJson object at 0x000001C0F09346E0>, <snowplow_tracker.self_describing_json.SelfDescribingJson object at 0x000001C0F0327770>]}
[0m10:23:54.982860 [debug] [MainThread]: Flushing usage events
[0m10:23:56.219078 [debug] [MainThread]: An error was encountered while trying to flush usage events
